Running HHblits
Running PSIPRED
Running hhsearch
Predicting distance and orientations
Running parallel RosettaTR.py
Running DeepAccNet-msa
Picking final models
Final models saved in: test_output/SEC3/ROSETTAFOLD//model
Done

CommandNotFoundError: Your shell has not been properly configured to use 'conda deactivate'.
To initialize your shell, run

    $ conda init <SHELL_NAME>

Currently supported shells are:
  - bash
  - fish
  - tcsh
  - xonsh
  - zsh
  - powershell

See 'conda init --help' for more information and options.

IMPORTANT: You may need to close and restart your shell after running 'conda init'.


